Tue Jul 21 10:09:01 UTC 2026 - Commit number 1
Tue Jul 21 10:09:01 UTC 2026 - Commit number 2
Tue Jul 21 10:09:01 UTC 2026 - Commit number 3
Tue Jul 21 10:09:01 UTC 2026 - Commit number 4
Tue Jul 21 10:09:01 UTC 2026 - Commit number 5
Wed Jul 22 04:12:30 UTC 2026 - Commit number 1
Wed Jul 22 04:12:30 UTC 2026 - Commit number 2
Wed Jul 22 04:12:30 UTC 2026 - Commit number 3
Wed Jul 22 04:12:30 UTC 2026 - Commit number 4
Wed Jul 22 04:12:30 UTC 2026 - Commit number 5
Wed Jul 22 20:18:20 UTC 2026 - Commit number 1
Wed Jul 22 20:18:20 UTC 2026 - Commit number 2
Wed Jul 22 20:18:20 UTC 2026 - Commit number 3
Wed Jul 22 20:18:20 UTC 2026 - Commit number 4
Wed Jul 22 20:18:20 UTC 2026 - Commit number 5
Wed Jul 22 20:18:20 UTC 2026 - Commit number 6
Wed Jul 22 20:18:20 UTC 2026 - Commit number 7
Wed Jul 22 20:18:20 UTC 2026 - Commit number 8
Wed Jul 22 20:18:20 UTC 2026 - Commit number 9
Wed Jul 22 20:23:10 UTC 2026 - Commit number 1
Wed Jul 22 20:23:10 UTC 2026 - Commit number 2
Wed Jul 22 20:23:10 UTC 2026 - Commit number 3
Wed Jul 22 20:23:10 UTC 2026 - Commit number 4
Wed Jul 22 20:23:10 UTC 2026 - Commit number 5
Wed Jul 22 20:23:10 UTC 2026 - Commit number 6
Wed Jul 22 20:23:10 UTC 2026 - Commit number 7
Wed Jul 22 20:23:10 UTC 2026 - Commit number 8
Wed Jul 22 20:23:10 UTC 2026 - Commit number 9
Wed Jul 22 20:43:32 UTC 2026 - CORRECT EMAIL - Commit #1
Wed Jul 22 20:43:32 UTC 2026 - CORRECT EMAIL - Commit #2
Wed Jul 22 20:43:32 UTC 2026 - CORRECT EMAIL - Commit #3
Wed Jul 22 20:43:32 UTC 2026 - CORRECT EMAIL - Commit #4
Wed Jul 22 20:43:32 UTC 2026 - CORRECT EMAIL - Commit #5
Wed Jul 22 20:43:32 UTC 2026 - CORRECT EMAIL - Commit #6
Wed Jul 22 20:43:32 UTC 2026 - CORRECT EMAIL - Commit #7
Wed Jul 22 20:43:32 UTC 2026 - CORRECT EMAIL - Commit #8
Thu Jul 23 21:28:39 UTC 2026 - CORRECT EMAIL - Commit #1
Thu Jul 23 21:28:39 UTC 2026 - CORRECT EMAIL - Commit #2
Thu Jul 23 21:28:39 UTC 2026 - CORRECT EMAIL - Commit #3
Thu Jul 23 21:28:39 UTC 2026 - CORRECT EMAIL - Commit #4
Thu Jul 23 21:28:39 UTC 2026 - CORRECT EMAIL - Commit #5
Thu Jul 23 21:28:39 UTC 2026 - CORRECT EMAIL - Commit #6
Thu Jul 23 21:28:39 UTC 2026 - CORRECT EMAIL - Commit #7
Thu Jul 23 21:28:39 UTC 2026 - CORRECT EMAIL - Commit #8
Fri Jul 24 21:20:44 UTC 2026 - CORRECT EMAIL - Commit #1
Fri Jul 24 21:20:44 UTC 2026 - CORRECT EMAIL - Commit #2
Fri Jul 24 21:20:44 UTC 2026 - CORRECT EMAIL - Commit #3
Fri Jul 24 21:20:44 UTC 2026 - CORRECT EMAIL - Commit #4
Fri Jul 24 21:20:44 UTC 2026 - CORRECT EMAIL - Commit #5
Fri Jul 24 21:20:44 UTC 2026 - CORRECT EMAIL - Commit #6
Fri Jul 24 21:20:44 UTC 2026 - CORRECT EMAIL - Commit #7
Fri Jul 24 21:20:44 UTC 2026 - CORRECT EMAIL - Commit #8
Sat Jul 25 21:08:52 UTC 2026 - CORRECT EMAIL - Commit #1
Sat Jul 25 21:08:52 UTC 2026 - CORRECT EMAIL - Commit #2
Sat Jul 25 21:08:52 UTC 2026 - CORRECT EMAIL - Commit #3
Sat Jul 25 21:08:52 UTC 2026 - CORRECT EMAIL - Commit #4
Sat Jul 25 21:08:52 UTC 2026 - CORRECT EMAIL - Commit #5
Sat Jul 25 21:08:52 UTC 2026 - CORRECT EMAIL - Commit #6
Sat Jul 25 21:08:52 UTC 2026 - CORRECT EMAIL - Commit #7
Sat Jul 25 21:08:52 UTC 2026 - CORRECT EMAIL - Commit #8
Sun Jul 26 21:11:37 UTC 2026 - CORRECT EMAIL - Commit #1
Sun Jul 26 21:11:37 UTC 2026 - CORRECT EMAIL - Commit #2
Sun Jul 26 21:11:37 UTC 2026 - CORRECT EMAIL - Commit #3
Sun Jul 26 21:11:37 UTC 2026 - CORRECT EMAIL - Commit #4
Sun Jul 26 21:11:37 UTC 2026 - CORRECT EMAIL - Commit #5
Sun Jul 26 21:11:37 UTC 2026 - CORRECT EMAIL - Commit #6
Sun Jul 26 21:11:37 UTC 2026 - CORRECT EMAIL - Commit #7
Sun Jul 26 21:11:37 UTC 2026 - CORRECT EMAIL - Commit #8
Mon Jul 27 21:29:57 UTC 2026 - CORRECT EMAIL - Commit #1
Mon Jul 27 21:29:57 UTC 2026 - CORRECT EMAIL - Commit #2
Mon Jul 27 21:29:57 UTC 2026 - CORRECT EMAIL - Commit #3
Mon Jul 27 21:29:57 UTC 2026 - CORRECT EMAIL - Commit #4
Mon Jul 27 21:29:57 UTC 2026 - CORRECT EMAIL - Commit #5
Mon Jul 27 21:29:57 UTC 2026 - CORRECT EMAIL - Commit #6
Mon Jul 27 21:29:57 UTC 2026 - CORRECT EMAIL - Commit #7
Mon Jul 27 21:29:57 UTC 2026 - CORRECT EMAIL - Commit #8
Tue Jul 28 21:32:24 UTC 2026 - CORRECT EMAIL - Commit #1
Tue Jul 28 21:32:24 UTC 2026 - CORRECT EMAIL - Commit #2
